// Jest Snapshot v1, https://goo.gl/fbAQLP

exports[`NavBar matches snapshot 1`] = `
<DocumentFragment>
  <div
    class="ui inverted top fixed menu"
  >
    <div
      class="ui container"
    >
      <div
        class="header item"
      >
        <img
          alt="logo"
          src="/assets/logo.png"
          style="margin-right: 10px;"
        />
        Reactivities
      </div>
      <div
        class="item"
        role="menuitem"
      >
        Activities
      </div>
      <div
        class="item"
      >
        <button
          class="ui positive button"
        >
          Create Activity
        </button>
      </div>
    </div>
  </div>
</DocumentFragment>
`;
