// Jest Snapshot v1, https://goo.gl/fbAQLP

exports[`ActivityDashboard matches snapshot 1`] = `
<DocumentFragment>
  <div
    class="ui grid"
  >
    <div
      class="ten wide column"
    >
      <div
        class="ui list"
        role="list"
      >
        <div>
          Mocked ActivityList
        </div>
      </div>
    </div>
    <div
      class="six wide column"
    >
      <div
        class="ui large vertical menu"
        style="width: 100%; margin-top: 25px;"
      >
        <div
          class="ui teal attached header"
        >
          <i
            aria-hidden="true"
            class="filter icon"
          />
          <div
            class="content"
          >
            Filters
          </div>
        </div>
        <div
          class="item"
        >
          All Activities
        </div>
        <div
          class="item"
        >
          I'm going
        </div>
        <div
          class="item"
        >
          I'm hosting
        </div>
      </div>
      <div
        class="ui header"
      />
      <div
        class="react-calendar"
      >
        <div
          class="react-calendar__navigation"
        >
          <button
            aria-label=""
            class="react-calendar__navigation__arrow react-calendar__navigation__prev2-button"
            type="button"
          >
            «
          </button>
          <button
            aria-label=""
            class="react-calendar__navigation__arrow react-calendar__navigation__prev-button"
            type="button"
          >
            ‹
          </button>
          <button
            aria-label=""
            class="react-calendar__navigation__label"
            style="flex-grow: 1;"
            type="button"
          >
            <span
              class="react-calendar__navigation__label__labelText react-calendar__navigation__label__labelText--from"
            >
              August 2024
            </span>
          </button>
          <button
            aria-label=""
            class="react-calendar__navigation__arrow react-calendar__navigation__next-button"
            type="button"
          >
            ›
          </button>
          <button
            aria-label=""
            class="react-calendar__navigation__arrow react-calendar__navigation__next2-button"
            type="button"
          >
            »
          </button>
        </div>
        <div
          class="react-calendar__viewContainer"
        >
          <div
            class="react-calendar__month-view"
          >
            <div
              style="display: flex; align-items: flex-end;"
            >
              <div
                style="flex-grow: 1; width: 100%;"
              >
                <div
                  class="react-calendar__month-view__weekdays"
                  style="display: flex; flex-wrap: nowrap;"
                >
                  <div
                    class="react-calendar__month-view__weekdays__weekday"
                    style="flex-basis: 14.285714285714286%; flex-shrink: 0; flex-grow: 0; overflow: hidden; margin-inline-end: 0;"
                  >
                    <abbr
                      aria-label="Monday"
                      title="Monday"
                    >
                      Mon
                    </abbr>
                  </div>
                  <div
                    class="react-calendar__month-view__weekdays__weekday react-calendar__month-view__weekdays__weekday--current"
                    style="flex-basis: 14.285714285714286%; flex-shrink: 0; flex-grow: 0; overflow: hidden; margin-inline-end: 0;"
                  >
                    <abbr
                      aria-label="Tuesday"
                      title="Tuesday"
                    >
                      Tue
                    </abbr>
                  </div>
                  <div
                    class="react-calendar__month-view__weekdays__weekday"
                    style="flex-basis: 14.285714285714286%; flex-shrink: 0; flex-grow: 0; overflow: hidden; margin-inline-end: 0;"
                  >
                    <abbr
                      aria-label="Wednesday"
                      title="Wednesday"
                    >
                      Wed
                    </abbr>
                  </div>
                  <div
                    class="react-calendar__month-view__weekdays__weekday"
                    style="flex-basis: 14.285714285714286%; flex-shrink: 0; flex-grow: 0; overflow: hidden; margin-inline-end: 0;"
                  >
                    <abbr
                      aria-label="Thursday"
                      title="Thursday"
                    >
                      Thu
                    </abbr>
                  </div>
                  <div
                    class="react-calendar__month-view__weekdays__weekday"
                    style="flex-basis: 14.285714285714286%; flex-shrink: 0; flex-grow: 0; overflow: hidden; margin-inline-end: 0;"
                  >
                    <abbr
                      aria-label="Friday"
                      title="Friday"
                    >
                      Fri
                    </abbr>
                  </div>
                  <div
                    class="react-calendar__month-view__weekdays__weekday react-calendar__month-view__weekdays__weekday--weekend"
                    style="flex-basis: 14.285714285714286%; flex-shrink: 0; flex-grow: 0; overflow: hidden; margin-inline-end: 0;"
                  >
                    <abbr
                      aria-label="Saturday"
                      title="Saturday"
                    >
                      Sat
                    </abbr>
                  </div>
                  <div
                    class="react-calendar__month-view__weekdays__weekday react-calendar__month-view__weekdays__weekday--weekend"
                    style="flex-basis: 14.285714285714286%; flex-shrink: 0; flex-grow: 0; overflow: hidden; margin-inline-end: 0;"
                  >
                    <abbr
                      aria-label="Sunday"
                      title="Sunday"
                    >
                      Sun
                    </abbr>
                  </div>
                </div>
                <div
                  class="react-calendar__month-view__days"
                  style="display: flex; flex-wrap: wrap;"
                >
                  <button
                    class="react-calendar__tile react-calendar__month-view__days__day react-calendar__month-view__days__day--neighboringMonth"
                    style="flex-basis: 14.285714285714286%; flex-shrink: 0; flex-grow: 0; overflow: hidden; margin-inline-end: 0;"
                    type="button"
                  >
                    <abbr
                      aria-label="July 29, 2024"
                    >
                      29
                    </abbr>
                  </button>
                  <button
                    class="react-calendar__tile react-calendar__month-view__days__day react-calendar__month-view__days__day--neighboringMonth"
                    style="flex-basis: 14.285714285714286%; flex-shrink: 0; flex-grow: 0; overflow: hidden; margin-inline-end: 0;"
                    type="button"
                  >
                    <abbr
                      aria-label="July 30, 2024"
                    >
                      30
                    </abbr>
                  </button>
                  <button
                    class="react-calendar__tile react-calendar__month-view__days__day react-calendar__month-view__days__day--neighboringMonth"
                    style="flex-basis: 14.285714285714286%; flex-shrink: 0; flex-grow: 0; overflow: hidden; margin-inline-end: 0;"
                    type="button"
                  >
                    <abbr
                      aria-label="July 31, 2024"
                    >
                      31
                    </abbr>
                  </button>
                  <button
                    class="react-calendar__tile react-calendar__month-view__days__day"
                    style="flex-basis: 14.285714285714286%; flex-shrink: 0; flex-grow: 0; overflow: hidden; margin-inline-end: 0;"
                    type="button"
                  >
                    <abbr
                      aria-label="August 1, 2024"
                    >
                      1
                    </abbr>
                  </button>
                  <button
                    class="react-calendar__tile react-calendar__month-view__days__day"
                    style="flex-basis: 14.285714285714286%; flex-shrink: 0; flex-grow: 0; overflow: hidden; margin-inline-end: 0;"
                    type="button"
                  >
                    <abbr
                      aria-label="August 2, 2024"
                    >
                      2
                    </abbr>
                  </button>
                  <button
                    class="react-calendar__tile react-calendar__month-view__days__day react-calendar__month-view__days__day--weekend"
                    style="flex-basis: 14.285714285714286%; flex-shrink: 0; flex-grow: 0; overflow: hidden; margin-inline-end: 0;"
                    type="button"
                  >
                    <abbr
                      aria-label="August 3, 2024"
                    >
                      3
                    </abbr>
                  </button>
                  <button
                    class="react-calendar__tile react-calendar__month-view__days__day react-calendar__month-view__days__day--weekend"
                    style="flex-basis: 14.285714285714286%; flex-shrink: 0; flex-grow: 0; overflow: hidden; margin-inline-end: 0;"
                    type="button"
                  >
                    <abbr
                      aria-label="August 4, 2024"
                    >
                      4
                    </abbr>
                  </button>
                  <button
                    class="react-calendar__tile react-calendar__month-view__days__day"
                    style="flex-basis: 14.285714285714286%; flex-shrink: 0; flex-grow: 0; overflow: hidden; margin-inline-end: 0;"
                    type="button"
                  >
                    <abbr
                      aria-label="August 5, 2024"
                    >
                      5
                    </abbr>
                  </button>
                  <button
                    class="react-calendar__tile react-calendar__tile--now react-calendar__month-view__days__day"
                    style="flex-basis: 14.285714285714286%; flex-shrink: 0; flex-grow: 0; overflow: hidden; margin-inline-end: 0;"
                    type="button"
                  >
                    <abbr
                      aria-label="August 6, 2024"
                    >
                      6
                    </abbr>
                  </button>
                  <button
                    class="react-calendar__tile react-calendar__month-view__days__day"
                    style="flex-basis: 14.285714285714286%; flex-shrink: 0; flex-grow: 0; overflow: hidden; margin-inline-end: 0;"
                    type="button"
                  >
                    <abbr
                      aria-label="August 7, 2024"
                    >
                      7
                    </abbr>
                  </button>
                  <button
                    class="react-calendar__tile react-calendar__month-view__days__day"
                    style="flex-basis: 14.285714285714286%; flex-shrink: 0; flex-grow: 0; overflow: hidden; margin-inline-end: 0;"
                    type="button"
                  >
                    <abbr
                      aria-label="August 8, 2024"
                    >
                      8
                    </abbr>
                  </button>
                  <button
                    class="react-calendar__tile react-calendar__month-view__days__day"
                    style="flex-basis: 14.285714285714286%; flex-shrink: 0; flex-grow: 0; overflow: hidden; margin-inline-end: 0;"
                    type="button"
                  >
                    <abbr
                      aria-label="August 9, 2024"
                    >
                      9
                    </abbr>
                  </button>
                  <button
                    class="react-calendar__tile react-calendar__month-view__days__day react-calendar__month-view__days__day--weekend"
                    style="flex-basis: 14.285714285714286%; flex-shrink: 0; flex-grow: 0; overflow: hidden; margin-inline-end: 0;"
                    type="button"
                  >
                    <abbr
                      aria-label="August 10, 2024"
                    >
                      10
                    </abbr>
                  </button>
                  <button
                    class="react-calendar__tile react-calendar__month-view__days__day react-calendar__month-view__days__day--weekend"
                    style="flex-basis: 14.285714285714286%; flex-shrink: 0; flex-grow: 0; overflow: hidden; margin-inline-end: 0;"
                    type="button"
                  >
                    <abbr
                      aria-label="August 11, 2024"
                    >
                      11
                    </abbr>
                  </button>
                  <button
                    class="react-calendar__tile react-calendar__month-view__days__day"
                    style="flex-basis: 14.285714285714286%; flex-shrink: 0; flex-grow: 0; overflow: hidden; margin-inline-end: 0;"
                    type="button"
                  >
                    <abbr
                      aria-label="August 12, 2024"
                    >
                      12
                    </abbr>
                  </button>
                  <button
                    class="react-calendar__tile react-calendar__month-view__days__day"
                    style="flex-basis: 14.285714285714286%; flex-shrink: 0; flex-grow: 0; overflow: hidden; margin-inline-end: 0;"
                    type="button"
                  >
                    <abbr
                      aria-label="August 13, 2024"
                    >
                      13
                    </abbr>
                  </button>
                  <button
                    class="react-calendar__tile react-calendar__month-view__days__day"
                    style="flex-basis: 14.285714285714286%; flex-shrink: 0; flex-grow: 0; overflow: hidden; margin-inline-end: 0;"
                    type="button"
                  >
                    <abbr
                      aria-label="August 14, 2024"
                    >
                      14
                    </abbr>
                  </button>
                  <button
                    class="react-calendar__tile react-calendar__month-view__days__day"
                    style="flex-basis: 14.285714285714286%; flex-shrink: 0; flex-grow: 0; overflow: hidden; margin-inline-end: 0;"
                    type="button"
                  >
                    <abbr
                      aria-label="August 15, 2024"
                    >
                      15
                    </abbr>
                  </button>
                  <button
                    class="react-calendar__tile react-calendar__month-view__days__day"
                    style="flex-basis: 14.285714285714286%; flex-shrink: 0; flex-grow: 0; overflow: hidden; margin-inline-end: 0;"
                    type="button"
                  >
                    <abbr
                      aria-label="August 16, 2024"
                    >
                      16
                    </abbr>
                  </button>
                  <button
                    class="react-calendar__tile react-calendar__month-view__days__day react-calendar__month-view__days__day--weekend"
                    style="flex-basis: 14.285714285714286%; flex-shrink: 0; flex-grow: 0; overflow: hidden; margin-inline-end: 0;"
                    type="button"
                  >
                    <abbr
                      aria-label="August 17, 2024"
                    >
                      17
                    </abbr>
                  </button>
                  <button
                    class="react-calendar__tile react-calendar__month-view__days__day react-calendar__month-view__days__day--weekend"
                    style="flex-basis: 14.285714285714286%; flex-shrink: 0; flex-grow: 0; overflow: hidden; margin-inline-end: 0;"
                    type="button"
                  >
                    <abbr
                      aria-label="August 18, 2024"
                    >
                      18
                    </abbr>
                  </button>
                  <button
                    class="react-calendar__tile react-calendar__month-view__days__day"
                    style="flex-basis: 14.285714285714286%; flex-shrink: 0; flex-grow: 0; overflow: hidden; margin-inline-end: 0;"
                    type="button"
                  >
                    <abbr
                      aria-label="August 19, 2024"
                    >
                      19
                    </abbr>
                  </button>
                  <button
                    class="react-calendar__tile react-calendar__month-view__days__day"
                    style="flex-basis: 14.285714285714286%; flex-shrink: 0; flex-grow: 0; overflow: hidden; margin-inline-end: 0;"
                    type="button"
                  >
                    <abbr
                      aria-label="August 20, 2024"
                    >
                      20
                    </abbr>
                  </button>
                  <button
                    class="react-calendar__tile react-calendar__month-view__days__day"
                    style="flex-basis: 14.285714285714286%; flex-shrink: 0; flex-grow: 0; overflow: hidden; margin-inline-end: 0;"
                    type="button"
                  >
                    <abbr
                      aria-label="August 21, 2024"
                    >
                      21
                    </abbr>
                  </button>
                  <button
                    class="react-calendar__tile react-calendar__month-view__days__day"
                    style="flex-basis: 14.285714285714286%; flex-shrink: 0; flex-grow: 0; overflow: hidden; margin-inline-end: 0;"
                    type="button"
                  >
                    <abbr
                      aria-label="August 22, 2024"
                    >
                      22
                    </abbr>
                  </button>
                  <button
                    class="react-calendar__tile react-calendar__month-view__days__day"
                    style="flex-basis: 14.285714285714286%; flex-shrink: 0; flex-grow: 0; overflow: hidden; margin-inline-end: 0;"
                    type="button"
                  >
                    <abbr
                      aria-label="August 23, 2024"
                    >
                      23
                    </abbr>
                  </button>
                  <button
                    class="react-calendar__tile react-calendar__month-view__days__day react-calendar__month-view__days__day--weekend"
                    style="flex-basis: 14.285714285714286%; flex-shrink: 0; flex-grow: 0; overflow: hidden; margin-inline-end: 0;"
                    type="button"
                  >
                    <abbr
                      aria-label="August 24, 2024"
                    >
                      24
                    </abbr>
                  </button>
                  <button
                    class="react-calendar__tile react-calendar__month-view__days__day react-calendar__month-view__days__day--weekend"
                    style="flex-basis: 14.285714285714286%; flex-shrink: 0; flex-grow: 0; overflow: hidden; margin-inline-end: 0;"
                    type="button"
                  >
                    <abbr
                      aria-label="August 25, 2024"
                    >
                      25
                    </abbr>
                  </button>
                  <button
                    class="react-calendar__tile react-calendar__month-view__days__day"
                    style="flex-basis: 14.285714285714286%; flex-shrink: 0; flex-grow: 0; overflow: hidden; margin-inline-end: 0;"
                    type="button"
                  >
                    <abbr
                      aria-label="August 26, 2024"
                    >
                      26
                    </abbr>
                  </button>
                  <button
                    class="react-calendar__tile react-calendar__month-view__days__day"
                    style="flex-basis: 14.285714285714286%; flex-shrink: 0; flex-grow: 0; overflow: hidden; margin-inline-end: 0;"
                    type="button"
                  >
                    <abbr
                      aria-label="August 27, 2024"
                    >
                      27
                    </abbr>
                  </button>
                  <button
                    class="react-calendar__tile react-calendar__month-view__days__day"
                    style="flex-basis: 14.285714285714286%; flex-shrink: 0; flex-grow: 0; overflow: hidden; margin-inline-end: 0;"
                    type="button"
                  >
                    <abbr
                      aria-label="August 28, 2024"
                    >
                      28
                    </abbr>
                  </button>
                  <button
                    class="react-calendar__tile react-calendar__month-view__days__day"
                    style="flex-basis: 14.285714285714286%; flex-shrink: 0; flex-grow: 0; overflow: hidden; margin-inline-end: 0;"
                    type="button"
                  >
                    <abbr
                      aria-label="August 29, 2024"
                    >
                      29
                    </abbr>
                  </button>
                  <button
                    class="react-calendar__tile react-calendar__month-view__days__day"
                    style="flex-basis: 14.285714285714286%; flex-shrink: 0; flex-grow: 0; overflow: hidden; margin-inline-end: 0;"
                    type="button"
                  >
                    <abbr
                      aria-label="August 30, 2024"
                    >
                      30
                    </abbr>
                  </button>
                  <button
                    class="react-calendar__tile react-calendar__month-view__days__day react-calendar__month-view__days__day--weekend"
                    style="flex-basis: 14.285714285714286%; flex-shrink: 0; flex-grow: 0; overflow: hidden; margin-inline-end: 0;"
                    type="button"
                  >
                    <abbr
                      aria-label="August 31, 2024"
                    >
                      31
                    </abbr>
                  </button>
                  <button
                    class="react-calendar__tile react-calendar__month-view__days__day react-calendar__month-view__days__day--weekend react-calendar__month-view__days__day--neighboringMonth"
                    style="flex-basis: 14.285714285714286%; flex-shrink: 0; flex-grow: 0; overflow: hidden; margin-inline-end: 0;"
                    type="button"
                  >
                    <abbr
                      aria-label="September 1, 2024"
                    >
                      1
                    </abbr>
                  </button>
                </div>
              </div>
            </div>
          </div>
        </div>
      </div>
    </div>
  </div>
</DocumentFragment>
`;
