// Jest Snapshot v1, https://goo.gl/fbAQLP

exports[`ActivityList matches snapshot 1`] = `
<DocumentFragment>
  <div
    class="ui teal sub header"
  >
    2023-12-31
  </div>
  <div
    class="ui segments"
  >
    <div
      class="ui segment"
    >
      <div
        class="ui items"
      >
        <div
          class="item"
        >
          <div
            class="ui tiny circular image"
          >
            <img
              src="/assets/user.png"
            />
          </div>
          <div
            class="content"
          >
            <a
              class="header"
              href="/activities/1"
            >
              Fixed Title 1
            </a>
            <div
              class="description"
            >
              Hosted by Bob
            </div>
          </div>
        </div>
      </div>
    </div>
    <div
      class="ui segment"
    >
      <span>
        <i
          aria-hidden="true"
          class="clock icon"
        />
         2023-12-31
        <i
          aria-hidden="true"
          class="marker icon"
        />
         Fixed venue 1
      </span>
    </div>
    <div
      class="ui secondary segment"
    >
      Attendees will go here
    </div>
    <div
      class="ui clearing segment"
    >
      <span>
        Fixed description 1
      </span>
      <a
        class="ui teal right floated button"
        href="/activities/1"
        role="button"
      >
        View
      </a>
      <button
        class="ui red right floated button"
        name="1"
      >
        Delete
      </button>
    </div>
  </div>
  <div
    class="ui teal sub header"
  >
    2024-01-01
  </div>
  <div
    class="ui segments"
  >
    <div
      class="ui segment"
    >
      <div
        class="ui items"
      >
        <div
          class="item"
        >
          <div
            class="ui tiny circular image"
          >
            <img
              src="/assets/user.png"
            />
          </div>
          <div
            class="content"
          >
            <a
              class="header"
              href="/activities/2"
            >
              Fixed Title 2
            </a>
            <div
              class="description"
            >
              Hosted by Bob
            </div>
          </div>
        </div>
      </div>
    </div>
    <div
      class="ui segment"
    >
      <span>
        <i
          aria-hidden="true"
          class="clock icon"
        />
         2024-01-01
        <i
          aria-hidden="true"
          class="marker icon"
        />
         Fixed venue 2
      </span>
    </div>
    <div
      class="ui secondary segment"
    >
      Attendees will go here
    </div>
    <div
      class="ui clearing segment"
    >
      <span>
        Fixed description 2
      </span>
      <a
        class="ui teal right floated button"
        href="/activities/2"
        role="button"
      >
        View
      </a>
      <button
        class="ui red right floated button"
        name="2"
      >
        Delete
      </button>
    </div>
  </div>
</DocumentFragment>
`;
