// Jest Snapshot v1, https://goo.gl/fbAQLP

exports[`ActivityDetailedChat matches snapshot 1`] = `
<DocumentFragment>
  <div
    class="ui teal inverted top attached center aligned segment"
  >
    <div
      class="ui header"
    >
      Chat about this event
    </div>
  </div>
  <div
    class="ui attached segment"
  >
    <div
      class="ui comments"
    >
      <div
        class="comment"
      >
        <div
          class="avatar"
        >
          <img
            src="/assets/user.png"
          />
        </div>
        <div
          class="content"
        >
          <a
            class="author"
          >
            Matt
          </a>
          <div
            class="metadata"
          >
            <div>
              Today at 5:42PM
            </div>
          </div>
          <div
            class="text"
          >
            How artistic!
          </div>
          <div
            class="actions"
          >
            <a
              class=""
            >
              Reply
            </a>
          </div>
        </div>
      </div>
      <div
        class="comment"
      >
        <div
          class="avatar"
        >
          <img
            src="/assets/user.png"
          />
        </div>
        <div
          class="content"
        >
          <a
            class="author"
          >
            Joe Henderson
          </a>
          <div
            class="metadata"
          >
            <div>
              5 days ago
            </div>
          </div>
          <div
            class="text"
          >
            Dude, this is awesome. Thanks so much
          </div>
          <div
            class="actions"
          >
            <a
              class=""
            >
              Reply
            </a>
          </div>
        </div>
      </div>
      <form
        class="ui reply form"
      >
        <div
          class="field"
        >
          <textarea
            rows="3"
          />
        </div>
        <button
          class="ui icon primary left labeled button"
        >
          <i
            aria-hidden="true"
            class="edit icon"
          />
          Add Reply
        </button>
      </form>
    </div>
  </div>
</DocumentFragment>
`;
